
Discarded input sections

 .group         0x00000000        0x8 ./main.o
 .group         0x00000000        0x8 ./main.o
 .group         0x00000000        0x8 ./main.o
 .group         0x00000000        0x8 ./main.o
 .group         0x00000000        0x8 ./main.o
 .group         0x00000000        0x8 ./main.o
 .group         0x00000000        0x8 ./main.o
 .group         0x00000000        0x8 ./main.o
 .group         0x00000000        0x8 ./main.o
 .group         0x00000000        0x8 ./main.o
 .group         0x00000000        0x8 ./main.o
 .group         0x00000000        0x8 ./main.o
 .group         0x00000000        0x8 ./main.o

Memory Configuration

Name             Origin             Length             Attributes
PSRAM            0x20000000         0x00010000         xrw
ROM              0x0c000000         0x00100000         xr
*default*        0x00000000         0xffffffff

Linker script and memory map

LOAD ./main.o
START GROUP
LOAD d:/software/5.4 2016q3/bin/../lib/gcc/arm-none-eabi/5.4.1/armv7e-m\libgcc.a
LOAD d:/software/5.4 2016q3/bin/../lib/gcc/arm-none-eabi/5.4.1/../../../../arm-none-eabi/lib/armv7e-m\libg.a
LOAD d:/software/5.4 2016q3/bin/../lib/gcc/arm-none-eabi/5.4.1/../../../../arm-none-eabi/lib/armv7e-m\libc.a
END GROUP
                0x0c000000                . = 0xc000000

.text           0x0c000000        0x8
 *(vectors)
 vectors        0x0c000000        0x8 ./main.o
                0x0c000000                myvectors
 *(.text)
 .text          0x0c000008        0x0 ./main.o
 *(.rodata)

.glue_7         0x0c000008        0x0
 .glue_7        0x0c000008        0x0 linker stubs

.glue_7t        0x0c000008        0x0
 .glue_7t       0x0c000008        0x0 linker stubs

.vfp11_veneer   0x0c000008        0x0
 .vfp11_veneer  0x0c000008        0x0 linker stubs

.v4_bx          0x0c000008        0x0
 .v4_bx         0x0c000008        0x0 linker stubs

.text.main      0x0c000008       0x80
 .text.main     0x0c000008       0x80 ./main.o
                0x0c000008                main

.text.wait      0x0c000088       0x20
 .text.wait     0x0c000088       0x20 ./main.o
                0x0c000088                wait

.iplt           0x0c0000a8        0x0
 .iplt          0x0c0000a8        0x0 ./main.o

.rel.dyn        0x0c0000a8        0x0
 .rel.iplt      0x0c0000a8        0x0 ./main.o
                0x20000000                . = 0x20000000

.data           0x20000000        0x0 load address 0x0c0000a8
 *(.data)
 .data          0x20000000        0x0 ./main.o

.igot.plt       0x20000000        0x0 load address 0x0c0000a8
 .igot.plt      0x20000000        0x0 ./main.o

.bss            0x20000000        0x0 load address 0x0c0000a8
 *(.bss)
 .bss           0x20000000        0x0 ./main.o
OUTPUT(XMC4500_USIC_UART.elf elf32-littlearm)

.debug_info     0x00000000      0x575
 .debug_info    0x00000000      0x575 ./main.o

.debug_abbrev   0x00000000      0x179
 .debug_abbrev  0x00000000      0x179 ./main.o

.debug_aranges  0x00000000       0x28
 .debug_aranges
                0x00000000       0x28 ./main.o

.debug_ranges   0x00000000       0x18
 .debug_ranges  0x00000000       0x18 ./main.o

.debug_macro    0x00000000    0x167b7
 .debug_macro   0x00000000       0x9b ./main.o
 .debug_macro   0x0000009b      0x86e ./main.o
 .debug_macro   0x00000909       0x2d ./main.o
 .debug_macro   0x00000936       0x35 ./main.o
 .debug_macro   0x0000096b       0x22 ./main.o
 .debug_macro   0x0000098d       0x87 ./main.o
 .debug_macro   0x00000a14       0x44 ./main.o
 .debug_macro   0x00000a58       0xfd ./main.o
 .debug_macro   0x00000b55       0x5e ./main.o
 .debug_macro   0x00000bb3      0x1df ./main.o
 .debug_macro   0x00000d92       0x18 ./main.o
 .debug_macro   0x00000daa      0x8cb ./main.o
 .debug_macro   0x00001675       0x6a ./main.o
 .debug_macro   0x000016df    0x150d8 ./main.o

.debug_line     0x00000000      0x247
 .debug_line    0x00000000      0x247 ./main.o

.debug_str      0x00000000    0x8de33
 .debug_str     0x00000000    0x8de33 ./main.o
                              0x8e0c1 (size before relaxing)

.comment        0x00000000       0x6e
 .comment       0x00000000       0x6e ./main.o
                                 0x6f (size before relaxing)

.ARM.attributes
                0x00000000       0x33
 .ARM.attributes
                0x00000000       0x33 ./main.o

.debug_frame    0x00000000       0x54
 .debug_frame   0x00000000       0x54 ./main.o
